Checking state invariants over 895 file(s) (23 worker(s))...
  ...50/895
  ...100/895
  ...150/895
  ...200/895
  ...250/895
  ...300/895
  ...350/895
  ...400/895
  ...450/895
  ...500/895
  ...550/895
  ...600/895
  ...650/895
  ...700/895
  ...750/895
  ...800/895
  ...850/895

=== invariant totals (files affected) ===
  overlaps_gap_rebuild       807  (40 files)
  overlaps_edge_paint        472  (261 files)
  coverage_desync_runs      1521  (885 files)
  seq_missing_s1              10  (2 files)
  seq_bad_transition         157  (128 files)
  swap_mismatches             25  (8 files)
  pipeline errors              0
Wrote debug_helpers/inv_off.json

=== vs baseline ===
  overlaps_gap_rebuild       807 (baseline     555)     +252  REGRESSION
  overlaps_edge_paint        472 (baseline     144)     +328  REGRESSION
  coverage_desync_runs      1521 (baseline    1763)     -242  OK
  seq_missing_s1              10 (baseline      48)      -38  OK
  seq_bad_transition         157 (baseline      99)      +58  REGRESSION
  swap_mismatches             25 (baseline    9843)    -9818  OK

FAIL: a structural invariant regressed against the baseline.
