CirCor benchmark — 200/2625 recordings  (seed=0)

  68368_MV.wav             s1= 19 pred= 20  60ms F1=0.974  100ms F1=0.974
  68194_TV.wav             s1= 14 pred= 15  60ms F1=0.828  100ms F1=0.897
  85244_AV.wav             s1=  7 pred= 14  60ms F1=0.476  100ms F1=0.476
  84933_TV.wav             s1= 27 pred= 31  60ms F1=0.483  100ms F1=0.552
  50773_AV.wav             s1= 42 pred= 45  60ms F1=0.897  100ms F1=0.897
  69176_AV.wav             s1= 26 pred= 33  60ms F1=0.712  100ms F1=0.712
  50803_AV.wav             s1=  6 pred=  8  60ms F1=0.857  100ms F1=0.857
  73316_PV.wav             s1=  9 pred=  9  60ms F1=0.000  100ms F1=0.000
  50247_PV.wav             s1=  9 pred=  9  60ms F1=1.000  100ms F1=1.000
  84750_PV.wav             s1= 23 pred= 26  60ms F1=0.857  100ms F1=0.857
  50620_TV.wav             s1= 28 pred= 31  60ms F1=0.847  100ms F1=0.847
  50826_AV.wav             s1= 10 pred= 10  60ms F1=0.800  100ms F1=0.800
  50812_PV.wav             s1= 55 pred= 56  60ms F1=0.000  100ms F1=0.000
  85341_AV.wav             s1= 17 pred= 17  60ms F1=0.941  100ms F1=1.000
  84776_PV.wav             s1= 16 pred= 18  60ms F1=0.824  100ms F1=0.882
  69068_TV.wav             s1= 24 pred= 25  60ms F1=0.000  100ms F1=0.000
  85020_TV.wav             s1= 25 pred= 27  60ms F1=0.923  100ms F1=0.962
  68379_PV.wav             s1= 17 pred= 17  60ms F1=0.941  100ms F1=1.000
  85207_PV.wav             s1= 25 pred= 26  60ms F1=0.118  100ms F1=0.196
  50746_PV.wav             s1= 52 pred= 56  60ms F1=0.889  100ms F1=0.907
  85135_TV.wav             s1= 28 pred= 28  60ms F1=1.000  100ms F1=1.000
  84978_PV.wav             s1= 22 pred= 23  60ms F1=0.978  100ms F1=0.978
  68306_AV.wav             s1= 16 pred= 19  60ms F1=0.629  100ms F1=0.743
  84966_PV.wav             s1= 19 pred= 12  60ms F1=0.387  100ms F1=0.452
  84699_MV.wav             s1= 22 pred= 23  60ms F1=0.978  100ms F1=0.978
  78582_MV.wav             s1=  7 pred=  6  60ms F1=0.000  100ms F1=0.000
  84912_AV.wav             s1= 10 pred= 10  60ms F1=0.000  100ms F1=0.000
  85134_AV.wav             s1= 24 pred= 26  60ms F1=0.760  100ms F1=0.760
  84874_TV.wav             s1= 11 pred= 10  60ms F1=0.952  100ms F1=0.952
  85026_MV.wav             s1= 14 pred= 14  60ms F1=0.929  100ms F1=0.929
  84738_TV.wav             s1= 11 pred=  7  60ms F1=0.444  100ms F1=0.444
  50113_PV.wav             s1= 19 pred= 19  60ms F1=1.000  100ms F1=1.000
  50359_MV.wav             s1= 38 pred= 45  60ms F1=0.771  100ms F1=0.771
  85038_TV.wav             s1= 10 pred=  4  60ms F1=0.286  100ms F1=0.286
  85148_MV.wav             s1= 21 pred= 45  60ms F1=0.515  100ms F1=0.576
  50762_AV.wav             s1= 12 pred= 13  60ms F1=0.080  100ms F1=0.160
  68660_PV.wav             s1= 16 pred= 16  60ms F1=1.000  100ms F1=1.000
  50800_AV.wav             s1= 12 pred= 15  60ms F1=0.148  100ms F1=0.148
  85143_MV.wav             s1= 17 pred= 21  60ms F1=0.421  100ms F1=0.474
  50687_TV.wav             s1= 40 pred= 40  60ms F1=1.000  100ms F1=1.000
  84804_MV.wav             s1= 15 pred=  9  60ms F1=0.583  100ms F1=0.583
  85036_MV.wav             s1=  6 pred=  5  60ms F1=0.364  100ms F1=0.364
  68368_AV.wav             s1= 15 pred= 21  60ms F1=0.556  100ms F1=0.556
  85270_TV.wav             s1= 34 pred= 35  60ms F1=0.986  100ms F1=0.986
  85210_MV.wav             s1= 30 pred= 30  60ms F1=1.000  100ms F1=1.000
  84749_MV.wav             s1= 12 pred= 12  60ms F1=1.000  100ms F1=1.000
  50788_MV.wav             s1= 36 pred= 37  60ms F1=0.986  100ms F1=0.986
  50116_PV.wav             s1= 17 pred= 19  60ms F1=0.889  100ms F1=0.889
  84930_PV.wav             s1= 24 pred= 25  60ms F1=0.122  100ms F1=0.122
  50206_PV.wav             s1= 30 pred= 39  60ms F1=0.580  100ms F1=0.580
  85029_MV.wav             s1= 10 pred= 10  60ms F1=1.000  100ms F1=1.000
  50773_MV.wav             s1= 28 pred= 28  60ms F1=0.964  100ms F1=1.000
  85244_MV.wav             s1= 12 pred= 13  60ms F1=0.880  100ms F1=0.880
  68194_MV.wav             s1=  6 pred=  7  60ms F1=0.462  100ms F1=0.462
  50251_AV.wav             s1= 16 pred= 16  60ms F1=1.000  100ms F1=1.000
  68682_PV.wav             s1= 12 pred= 12  60ms F1=0.917  100ms F1=0.917
  63456_TV.wav             s1= 11 pred=  9  60ms F1=0.300  100ms F1=0.300
  85312_PV.wav             s1= 18 pred= 18  60ms F1=0.056  100ms F1=0.167
  69060_PV.wav             s1= 12 pred= 13  60ms F1=0.000  100ms F1=0.000
  84851_PV.wav             s1=  9 pred= 11  60ms F1=0.700  100ms F1=0.700
  72283_MV.wav             s1=  6 pred=  6  60ms F1=0.000  100ms F1=0.000
  84840_TV.wav             s1=  9 pred=  9  60ms F1=0.000  100ms F1=0.222
  68425_AV.wav             s1= 29 pred= 30  60ms F1=0.983  100ms F1=0.983
  84808_PV.wav             s1=  7 pred=  7  60ms F1=1.000  100ms F1=1.000
  68632_TV.wav             s1= 16 pred= 17  60ms F1=0.242  100ms F1=0.303
  84922_AV.wav             s1= 14 pred= 14  60ms F1=0.071  100ms F1=0.143
  84965_MV.wav             s1=  7 pred=  7  60ms F1=0.000  100ms F1=0.000
  50734_PV.wav             s1= 88 pred= 91  60ms F1=0.335  100ms F1=0.346
  50732_PV.wav             s1= 40 pred= 44  60ms F1=0.786  100ms F1=0.810
  84768_TV.wav             s1=  7 pred= 16  60ms F1=0.522  100ms F1=0.609
  84713_AV.wav             s1=  6 pred=  6  60ms F1=0.833  100ms F1=0.833
  50296_AV.wav             s1=  7 pred=  8  60ms F1=0.000  100ms F1=0.000
  50657_AV.wav             s1= 16 pred= 17  60ms F1=0.000  100ms F1=0.000
  69141_AV.wav             s1= 22 pred= 25  60ms F1=0.809  100ms F1=0.809
  85139_PV.wav             s1= 16 pred= 18  60ms F1=0.882  100ms F1=0.882
  85094_TV.wav             s1= 16 pred= 17  60ms F1=0.848  100ms F1=0.848
  84994_AV.wav             s1= 36 pred= 39  60ms F1=0.880  100ms F1=0.907
  84778_AV.wav             s1= 22 pred= 21  60ms F1=0.000  100ms F1=0.000
  50789_AV.wav             s1=  7 pred=  7  60ms F1=1.000  100ms F1=1.000
  85109_AV.wav             s1= 16 pred= 19  60ms F1=0.743  100ms F1=0.743
  84868_AV.wav             s1= 15 pred= 19  60ms F1=0.824  100ms F1=0.824
  69161_TV.wav             s1= 16 pred= 17  60ms F1=0.545  100ms F1=0.545
  85331_TV.wav             s1= 17 pred= 16  60ms F1=0.000  100ms F1=0.000
  68425_TV.wav             s1= 30 pred= 30  60ms F1=1.000  100ms F1=1.000
  55945_TV.wav             s1= 34 pred= 38  60ms F1=0.917  100ms F1=0.944
  50359_TV.wav             s1= 28 pred= 31  60ms F1=0.915  100ms F1=0.915
  50113_TV.wav             s1= 17 pred= 17  60ms F1=1.000  100ms F1=1.000
  50676_TV.wav             s1= 55 pred= 56  60ms F1=0.973  100ms F1=0.991
  69106_PV.wav             s1=  9 pred=  9  60ms F1=0.000  100ms F1=0.000
  50297_MV.wav             s1= 28 pred= 28  60ms F1=0.929  100ms F1=0.929
  84840_MV.wav             s1=  7 pred=  8  60ms F1=0.933  100ms F1=0.933
  85038_MV.wav             s1= 10 pred=  6  60ms F1=0.500  100ms F1=0.500
  80348_AV.wav             s1= 12 pred= 14  60ms F1=0.615  100ms F1=0.615
  50393_AV.wav             s1= 46 pred= 56  60ms F1=0.745  100ms F1=0.784
  84966_AV.wav             s1=  9 pred=  7  60ms F1=0.500  100ms F1=0.500
  80348_TV.wav             s1= 39 pred= 49  60ms F1=0.750  100ms F1=0.750
  50239_TV.wav             s1= 54 pred= 55  60ms F1=0.972  100ms F1=0.972
  84894_AV.wav             s1= 36 pred= 36  60ms F1=0.278  100ms F1=0.306
  64715_MV.wav             s1= 23 pred= 23  60ms F1=1.000  100ms F1=1.000
  84853_PV.wav             s1= 16 pred= 15  60ms F1=0.000  100ms F1=0.000
  85214_TV.wav             s1= 17 pred= 19  60ms F1=0.889  100ms F1=0.889
  50774_TV.wav             s1=  5 pred=  6  60ms F1=0.727  100ms F1=0.727
  85235_MV.wav             s1= 31 pred= 31  60ms F1=1.000  100ms F1=1.000
  68504_PV.wav             s1= 13 pred= 13  60ms F1=1.000  100ms F1=1.000
  84754_AV.wav             s1=  9 pred= 13  60ms F1=0.455  100ms F1=0.545
  50802_TV_1.wav           s1= 18 pred= 18  60ms F1=1.000  100ms F1=1.000
  84920_PV.wav             s1= 15 pred= 15  60ms F1=1.000  100ms F1=1.000
  85069_TV.wav             s1= 20 pred= 22  60ms F1=0.905  100ms F1=0.905
  84699_AV.wav             s1= 14 pred= 16  60ms F1=0.133  100ms F1=0.133
  68222_PV.wav             s1= 22 pred= 23  60ms F1=0.622  100ms F1=0.622
  50669_AV.wav             s1=  8 pred= 11  60ms F1=0.316  100ms F1=0.316
  84923_TV.wav             s1= 10 pred= 10  60ms F1=1.000  100ms F1=1.000
  84692_PV.wav             s1= 19 pred= 20  60ms F1=0.872  100ms F1=0.923
  68952_MV.wav             s1= 35 pred= 36  60ms F1=0.986  100ms F1=0.986
  84807_AV.wav             s1= 10 pred= 10  60ms F1=0.200  100ms F1=0.200
  84936_AV.wav             s1= 10 pred= 17  60ms F1=0.444  100ms F1=0.519
  68379_TV.wav             s1= 17 pred= 19  60ms F1=0.889  100ms F1=0.889
  68318_MV.wav             s1= 17 pred= 20  60ms F1=0.811  100ms F1=0.811
  85113_PV.wav             s1= 24 pred= 24  60ms F1=0.958  100ms F1=0.958
  68901_AV.wav             s1= 14 pred= 15  60ms F1=0.069  100ms F1=0.069
  50685_MV.wav             s1= 17 pred= 17  60ms F1=0.000  100ms F1=0.000
  50625_MV.wav             s1=  8 pred=  6  60ms F1=0.286  100ms F1=0.571
  85136_PV.wav             s1= 13 pred= 14  60ms F1=0.889  100ms F1=0.889
  68576_AV.wav             s1=  9 pred= 10  60ms F1=0.000  100ms F1=0.000
  68431_MV.wav             s1= 13 pred= 13  60ms F1=0.769  100ms F1=0.769
  84696_AV.wav             s1= 13 pred= 13  60ms F1=1.000  100ms F1=1.000
  85140_PV.wav             s1=  8 pred=  7  60ms F1=0.933  100ms F1=0.933
  68487_MV.wav             s1= 28 pred= 29  60ms F1=0.842  100ms F1=0.982
  85166_AV.wav             s1= 14 pred= 14  60ms F1=0.000  100ms F1=0.000
  50155_PV.wav             s1= 51 pred= 52  60ms F1=0.000  100ms F1=0.000
  84923_MV.wav             s1= 18 pred= 18  60ms F1=1.000  100ms F1=1.000
  85002_MV.wav             s1= 42 pred= 42  60ms F1=1.000  100ms F1=1.000
  84714_AV.wav             s1= 14 pred= 16  60ms F1=0.000  100ms F1=0.000
  85132_AV.wav             s1= 10 pred= 15  60ms F1=0.320  100ms F1=0.400
  85037_PV.wav             s1= 20 pred= 20  60ms F1=0.100  100ms F1=0.100
  84736_MV.wav             s1= 10 pred=  7  60ms F1=0.000  100ms F1=0.000
  85327_PV.wav             s1= 11 pred= 11  60ms F1=1.000  100ms F1=1.000
  84930_MV.wav             s1= 33 pred= 32  60ms F1=0.800  100ms F1=0.800
  69096_PV.wav             s1= 11 pred= 11  60ms F1=1.000  100ms F1=1.000
  85246_AV.wav             s1= 11 pred= 12  60ms F1=0.783  100ms F1=0.783
  84896_AV.wav             s1= 21 pred= 23  60ms F1=0.773  100ms F1=0.773
  84813_AV.wav             s1= 11 pred= 10  60ms F1=0.952  100ms F1=0.952
  50295_TV.wav             s1= 10 pred= 11  60ms F1=0.952  100ms F1=0.952
  69120_PV.wav             s1= 13 pred= 13  60ms F1=0.769  100ms F1=0.769
  69120_MV.wav             s1= 36 pred= 37  60ms F1=0.986  100ms F1=0.986
  85163_PV.wav             s1= 24 pred= 24  60ms F1=0.958  100ms F1=0.958
  85207_AV.wav             s1= 28 pred= 31  60ms F1=0.169  100ms F1=0.237
  50133_MV.wav             s1=  7 pred=  5  60ms F1=0.500  100ms F1=0.500
  50635_PV.wav             s1= 49 pred= 49  60ms F1=1.000  100ms F1=1.000
  50800_TV.wav             s1= 14 pred= 16  60ms F1=0.200  100ms F1=0.267
  85112_AV.wav             s1= 10 pred= 14  60ms F1=0.417  100ms F1=0.417
  85293_AV.wav             s1= 18 pred= 19  60ms F1=0.054  100ms F1=0.108
  85247_TV.wav             s1= 16 pred= 17  60ms F1=0.727  100ms F1=0.727
  85086_AV.wav             s1= 17 pred= 17  60ms F1=0.000  100ms F1=0.000
  50128_AV.wav             s1= 43 pred= 45  60ms F1=0.932  100ms F1=0.932
  50159_PV.wav             s1= 32 pred= 36  60ms F1=0.853  100ms F1=0.853
  68436_MV.wav             s1= 34 pred= 34  60ms F1=1.000  100ms F1=1.000
  68757_TV.wav             s1= 13 pred= 13  60ms F1=0.000  100ms F1=0.000
  50312_TV.wav             s1= 13 pred= 17  60ms F1=0.267  100ms F1=0.467
  84974_AV.wav             s1= 21 pred= 31  60ms F1=0.769  100ms F1=0.769
  85057_PV.wav             s1= 20 pred= 20  60ms F1=0.600  100ms F1=0.650
  85052_TV.wav             s1= 43 pred= 44  60ms F1=0.943  100ms F1=0.966
  85184_TV.wav             s1= 30 pred= 31  60ms F1=0.984  100ms F1=0.984
  85122_PV.wav             s1= 32 pred= 32  60ms F1=0.000  100ms F1=0.000
  84863_AV.wav             s1= 19 pred= 18  60ms F1=0.973  100ms F1=0.973
  84710_TV.wav             s1= 22 pred= 23  60ms F1=0.933  100ms F1=0.933
  50174_PV.wav             s1= 12 pred= 11  60ms F1=0.000  100ms F1=0.000
  50261_MV.wav             s1= 48 pred= 51  60ms F1=0.081  100ms F1=0.081
  84695_PV.wav             s1= 13 pred= 14  60ms F1=0.444  100ms F1=0.444
  50812_AV.wav             s1= 18 pred= 21  60ms F1=0.462  100ms F1=0.462
  50254_AV.wav             s1= 48 pred= 50  60ms F1=0.837  100ms F1=0.837
  50299_TV.wav             s1=  9 pred= 11  60ms F1=0.800  100ms F1=0.800
  68347_MV.wav             s1=  8 pred=  4  60ms F1=0.333  100ms F1=0.333
  85151_AV.wav             s1= 25 pred= 27  60ms F1=0.692  100ms F1=0.692
  64256_PV.wav             s1= 35 pred= 39  60ms F1=0.622  100ms F1=0.649
  50763_TV.wav             s1= 45 pred= 47  60ms F1=0.935  100ms F1=0.935
  68337_MV.wav             s1= 18 pred= 18  60ms F1=1.000  100ms F1=1.000
  68327_PV.wav             s1= 19 pred= 21  60ms F1=0.650  100ms F1=0.650
  68316_AV.wav             s1= 10 pred= 10  60ms F1=1.000  100ms F1=1.000
  75440_AV.wav             s1= 14 pred= 15  60ms F1=0.000  100ms F1=0.000
  85239_PV.wav             s1= 18 pred= 19  60ms F1=0.973  100ms F1=0.973
  50255_MV.wav             s1=  5 pred=  5  60ms F1=1.000  100ms F1=1.000
  68182_TV.wav             s1= 29 pred= 29  60ms F1=1.000  100ms F1=1.000
  50229_MV.wav             s1= 31 pred= 30  60ms F1=0.164  100ms F1=0.164
  50296_MV.wav             s1= 10 pred= 10  60ms F1=1.000  100ms F1=1.000
  84965_AV.wav             s1= 14 pred= 15  60ms F1=0.966  100ms F1=0.966
  84834_AV.wav             s1=  6 pred=  6  60ms F1=0.333  100ms F1=0.333
  85329_MV.wav             s1=  6 pred=  6  60ms F1=1.000  100ms F1=1.000
  84834_PV.wav             s1=  6 pred=  4  60ms F1=0.600  100ms F1=0.800
  68487_PV.wav             s1= 28 pred= 28  60ms F1=0.000  100ms F1=0.000
  50317_PV.wav             s1= 40 pred= 41  60ms F1=0.889  100ms F1=0.889
  84711_AV.wav             s1= 23 pred= 24  60ms F1=0.809  100ms F1=0.809
  50757_TV.wav             s1= 43 pred= 43  60ms F1=1.000  100ms F1=1.000
  85131_MV.wav             s1= 32 pred= 33  60ms F1=0.923  100ms F1=0.954
  50628_AV.wav             s1=  5 pred=  4  60ms F1=0.222  100ms F1=0.222
  84747_TV.wav             s1=  7 pred=  5  60ms F1=0.000  100ms F1=0.333
  68423_MV.wav             s1= 11 pred= 11  60ms F1=0.545  100ms F1=0.545
  50739_AV.wav             s1=  9 pred=  6  60ms F1=0.400  100ms F1=0.400
  68477_PV.wav             s1= 27 pred= 28  60ms F1=0.073  100ms F1=0.073
  50298_PV.wav             s1= 10 pred= 13  60ms F1=0.783  100ms F1=0.783

================================================================
GRAND TOTAL  (scored=200  skipped=0)
  tol=  60ms  Se= 68.7%  PPV= 65.0%  F1= 66.8%   (TP=2763 FN=1258 FP=1489 flip=884)
  tol= 100ms  Se= 70.1%  PPV= 66.3%  F1= 68.2%   (TP=2820 FN=1201 FP=1432 flip=927)
  reference: Springer HSMM Se ~= 97.4% on CirCor (60ms)
================================================================
JSON -> C:\Users\WXP\Documents\GitHub\bpm_analysis\benchmarking\circor_benchmark_result.json
